
> fico-geek@0.1.0 build
> next build

  Γû▓ Next.js 14.2.3
  - Environments: .env.local

   Creating an optimized production build ...
node.exe : Failed to 
compile.
At C:\Program 
Files\nodejs\npm.ps1:29 
char:3
+   & $NODE_EXE 
$NPM_CLI_JS $args
+   ~~~~~~~~~~~~~~~~~~~~~~~
~~~~~~
    + CategoryInfo         
     : NotSpecified: (Fai  
  led to compile.:String   
 ) [], RemoteException
    + FullyQualifiedErrorI 
   d : NativeCommandError
 

./src/components/ai/ChatAss
istant.tsx
Error: 
  [31mx[0m You're 
importing a component that 
needs useState. It only 
works in a Client 
Component but none of its 
parents are marked with 
"use client", so they're 
Server Components by 
default.
  [31m|[0m Learn more: ht
tps://nextjs.org/docs/getti
ng-started/react-essentials
  [31m|[0m 
  [31m|[0m 
   ,-[[36;1;4mC:\Users\hir
ma\Desktop\FICO Geek\FICO_G
eek\src\components\ai\ChatA
ssistant.tsx[0m:1:1]
 [2m1[0m | import { 
useState } from "react";
   : [31;1m         
^^^^^^^^[0m
 [2m2[0m | import { 
ChatWindow } from 
"./ChatWindow";
 [2m3[0m | import { 
motion, AnimatePresence } 
from "framer-motion";
 [2m4[0m | import { 
Sparkles, MessageSquare } 
from "lucide-react";
   `----

Import trace for requested 
module:
./src/components/ai/ChatAss
istant.tsx
./src/app/layout.tsx


> Build failed because of 
webpack errors
