
> fico-geek@0.1.0 build
> next build

  Γû▓ Next.js 14.2.3
  - Environments: .env.local

   Creating an optimized production build ...
node.exe : Failed to 
compile.
At C:\Program 
Files\nodejs\npm.ps1:29 
char:3
+   & $NODE_EXE 
$NPM_CLI_JS $args
+   ~~~~~~~~~~~~~~~~~~~~~~~
~~~~~~
    + CategoryInfo         
     : NotSpecified: (Fai  
  led to compile.:String   
 ) [], RemoteException
    + FullyQualifiedErrorI 
   d : NativeCommandError
 

./src/app/dashboard/ai/page
.tsx
Module not found: Package 
path ./react is not 
exported from package C:\Us
ers\hirma\Desktop\FICO Geek
\FICO_Geek\node_modules\ai 
(see exports field in C:\Us
ers\hirma\Desktop\FICO Geek
\FICO_Geek\node_modules\ai\
package.json)

https://nextjs.org/docs/mes
sages/module-not-found

./src/components/ai/ChatWin
dow.tsx
Module not found: Package 
path ./react is not 
exported from package C:\Us
ers\hirma\Desktop\FICO Geek
\FICO_Geek\node_modules\ai 
(see exports field in C:\Us
ers\hirma\Desktop\FICO Geek
\FICO_Geek\node_modules\ai\
package.json)

https://nextjs.org/docs/mes
sages/module-not-found

Import trace for requested 
module:
./src/components/ai/ChatLau
ncher.tsx


> Build failed because of 
webpack errors
